******************************************************************************
                  TI ARM Linker PC v20.2.5                     
******************************************************************************
>> Linked Sun May 16 22:15:50 2021

OUTPUT FILE NAME:   <Laboratorio7.out>
ENTRY POINT SYMBOL: "_c_int00_noargs"  address: 00003151


MEMORY CONFIGURATION

         name            origin    length      used     unused   attr    fill
----------------------  --------  ---------  --------  --------  ----  --------
  FLASH                 00000000   00040000  000038cc  0003c734  R  X
  SRAM                  20000000   00008000  00000478  00007b88  RW X


SEGMENT ALLOCATION MAP

run origin  load origin   length   init length attrs members
----------  ----------- ---------- ----------- ----- -------
00000000    00000000    000038d0   000038d0    r-x
  00000000    00000000    0000026c   0000026c    r-- .intvecs
  0000026c    0000026c    00002f88   00002f88    r-x .text
  000031f4    000031f4    000006a8   000006a8    r-- .const
  000038a0    000038a0    00000030   00000030    r-- .cinit
20000000    20000000    0000047c   00000000    rw-
  20000000    20000000    0000026c   00000000    rw- .vtable
  20000270    20000270    00000200   00000000    rw- .stack
  20000470    20000470    0000000c   00000000    rw- .data


SECTION ALLOCATION MAP

 output                                  attributes/
section   page    origin      length       input sections
--------  ----  ----------  ----------   ----------------
.intvecs   0    00000000    0000026c     
                  00000000    0000026c     tm4c123gh6pm_startup_ccs.obj (.intvecs)

.text      0    0000026c    00002f88     
                  0000026c    00002d9c     main.obj (.text)
                  00003008    0000009c     rtsv7M4_T_le_v4SPD16_eabi.lib : memcpy_t2.asm.obj (.text)
                  000030a4    00000068                                   : copy_decompress_lzss.c.obj (.text:decompress:lzss:__TI_decompress_lzss)
                  0000310c    00000044                                   : autoinit.c.obj (.text:__TI_auto_init_nobinit_nopinit:__TI_auto_init_nobinit_nopinit)
                  00003150    00000034                                   : boot_cortex_m.c.obj (.text:_c_int00_noargs:_c_int00_noargs)
                  00003184    0000001c                                   : copy_zero_init.c.obj (.text:decompress:ZI:__TI_zero_init_nomemset:__TI_zero_init_nomemset)
                  000031a0    0000000e                                   : copy_decompress_none.c.obj (.text:decompress:none:__TI_decompress_none)
                  000031ae    0000000c     driverlib.lib : cpu.obj (.text:CPUcpsid)
                  000031ba    0000000c                   : cpu.obj (.text:CPUcpsie)
                  000031c6    0000000c     tm4c123gh6pm_startup_ccs.obj (.text)
                  000031d2    0000000a     driverlib.lib : cpu.obj (.text:CPUbasepriGet)
                  000031dc    00000006                   : cpu.obj (.text:CPUbasepriSet)
                  000031e2    00000006     main.obj (.text:SysCtlDelay)
                  000031e8    00000004     driverlib.lib : cpu.obj (.text:CPUwfi)
                  000031ec    00000004     rtsv7M4_T_le_v4SPD16_eabi.lib : pre_init.c.obj (.text:_system_pre_init)
                  000031f0    00000004                                   : exit.c.obj (.text:abort:abort)

.const     0    000031f4    000006a8     
                  000031f4    000001b0     main.obj (.const:g_pppui32XTALtoVCO)
                  000033a4    000000d8     main.obj (.const:g_ppui32GPIOIntMapSnowflake)
                  0000347c    000000c0     main.obj (.const:g_ppui32GPIOIntMapBlizzard)
                  0000353c    0000009c     main.obj (.const:g_pui32Regs)
                  000035d8    00000090     main.obj (.const:g_pui32GPIOBaseAddrs)
                  00003668    0000006c     main.obj (.const:g_pui32Xtals)
                  000036d4    00000060     main.obj (.const:g_ppui32TimerIntMap)
                  00003734    00000040     main.obj (.const:g_ppui32TimerIntMapSnowflake)
                  00003774    00000040     main.obj (.const:g_ppui32UARTIntMap)
                  000037b4    00000040     main.obj (.const:g_ppui32UARTIntMapSnowflake)
                  000037f4    00000030     main.obj (.const:g_sXTALtoMEMTIM)
                  00003824    00000020     main.obj (.const:g_pui32Priority)
                  00003844    00000014     main.obj (.const:g_pui32Dii16Regs)
                  00003858    00000014     main.obj (.const:g_pui32EnRegs)
                  0000386c    00000014     main.obj (.const:g_pui32PendRegs)
                  00003880    00000014     main.obj (.const:g_pui32UnpendRegs)
                  00003894    00000008     main.obj (.const:g_pui32VCOFrequencies)

.cinit     0    000038a0    00000030     
                  000038a0    0000000c     (__TI_handler_table)
                  000038ac    0000000b     (.cinit..data.load) [load image, compression = lzss]
                  000038b7    00000001     --HOLE-- [fill = 0]
                  000038b8    00000008     (.cinit..vtable.load) [load image, compression = zero_init]
                  000038c0    00000010     (__TI_cinit_table)

.init_array 
*          0    00000000    00000000     UNINITIALIZED

.vtable    0    20000000    0000026c     UNINITIALIZED
                  20000000    0000026c     main.obj (.vtable)

.data      0    20000470    0000000c     UNINITIALIZED
                  20000470    0000000c     main.obj (.data)

.stack     0    20000270    00000200     UNINITIALIZED
                  20000270    00000004     rtsv7M4_T_le_v4SPD16_eabi.lib : boot_cortex_m.c.obj (.stack)
                  20000274    000001fc     --HOLE--

__llvm_prf_cnts 
*          0    20000000    00000000     UNINITIALIZED

MODULE SUMMARY

       Module                         code    ro data   rw data
       ------                         ----    -------   -------
    .\
       main.obj                       11682   1704      632    
       tm4c123gh6pm_startup_ccs.obj   12      620       0      
    +--+------------------------------+-------+---------+---------+
       Total:                         11694   2324      632    
                                                               
    C:/ti/TivaWare_C_Series-2.1.4.178/driverlib/ccs/Debug/driverlib.lib
       cpu.obj                        44      0         0      
    +--+------------------------------+-------+---------+---------+
       Total:                         44      0         0      
                                                               
    C:\ti\ccs1031\ccs\tools\compiler\ti-cgt-arm_20.2.5.LTS\lib\rtsv7M4_T_le_v4SPD16_eabi.lib
       memcpy_t2.asm.obj              156     0         0      
       copy_decompress_lzss.c.obj     104     0         0      
       autoinit.c.obj                 68      0         0      
       boot_cortex_m.c.obj            52      0         0      
       copy_zero_init.c.obj           28      0         0      
       copy_decompress_none.c.obj     14      0         0      
       exit.c.obj                     4       0         0      
       pre_init.c.obj                 4       0         0      
    +--+------------------------------+-------+---------+---------+
       Total:                         430     0         0      
                                                               
       Stack:                         0       0         512    
       Linker Generated:              0       47        0      
    +--+------------------------------+-------+---------+---------+
       Grand Total:                   12168   2371      1144   


LINKER GENERATED COPY TABLES

__TI_cinit_table @ 000038c0 records: 2, size/record: 8, table size: 16
	.data: load addr=000038ac, load size=0000000b bytes, run addr=20000470, run size=0000000c bytes, compression=lzss
	.vtable: load addr=000038b8, load size=00000008 bytes, run addr=20000000, run size=0000026c bytes, compression=zero_init


LINKER GENERATED HANDLER TABLE

__TI_handler_table @ 000038a0 records: 3, size/record: 4, table size: 12
	index: 0, handler: __TI_zero_init
	index: 1, handler: __TI_decompress_lzss
	index: 2, handler: __TI_decompress_none


GLOBAL SYMBOLS: SORTED ALPHABETICALLY BY Name 

address   name                            
-------   ----                            
000031f1  C$$EXIT                         
20000470  C1                              
20000471  C2                              
000031d3  CPUbasepriGet                   
000031dd  CPUbasepriSet                   
000031af  CPUcpsid                        
000031bb  CPUcpsie                        
000031e9  CPUwfi                          
20000478  Flg                             
0000211d  GPIOADCTriggerDisable           
000020ff  GPIOADCTriggerEnable            
000020e1  GPIODMATriggerDisable           
000020c3  GPIODMATriggerEnable            
00001659  GPIODirModeGet                  
000015f9  GPIODirModeSet                  
00001bd3  GPIOIntClear                    
00001b97  GPIOIntDisable                  
00001b7d  GPIOIntEnable                   
00001be7  GPIOIntRegister                 
00001c1f  GPIOIntRegisterPin              
00001bb1  GPIOIntStatus                   
00001751  GPIOIntTypeGet                  
000016a9  GPIOIntTypeSet                  
00001c05  GPIOIntUnregister               
00001c4d  GPIOIntUnregisterPin            
00001a2b  GPIOPadConfigGet                
000017f1  GPIOPadConfigSet                
00002065  GPIOPinConfigure                
00001c71  GPIOPinRead                     
00001ca9  GPIOPinTypeADC                  
00001ccd  GPIOPinTypeCAN                  
00001cf1  GPIOPinTypeComparator           
00001d15  GPIOPinTypeComparatorOutput     
00001d39  GPIOPinTypeDIVSCLK              
00001d5d  GPIOPinTypeEPI                  
00001d81  GPIOPinTypeEthernetLED          
00001da5  GPIOPinTypeEthernetMII          
00001dc9  GPIOPinTypeGPIOInput            
00001ded  GPIOPinTypeGPIOOutput           
00001e11  GPIOPinTypeGPIOOutputOD         
00001e35  GPIOPinTypeHibernateRTCCLK      
00001e59  GPIOPinTypeI2C                  
00001e7d  GPIOPinTypeI2CSCL               
00001ea1  GPIOPinTypeLCD                  
00001ec5  GPIOPinTypeOneWire              
00001ee9  GPIOPinTypePWM                  
00001f0d  GPIOPinTypeQEI                  
00001f31  GPIOPinTypeSSI                  
00001f55  GPIOPinTypeTimer                
00001f79  GPIOPinTypeTrace                
00001f9d  GPIOPinTypeUART                 
00001fc1  GPIOPinTypeUSBAnalog            
00001fe5  GPIOPinTypeUSBDigital           
00002009  GPIOPinTypeWakeHigh             
0000202f  GPIOPinTypeWakeLow              
00002055  GPIOPinWakeStatus               
00001c89  GPIOPinWrite                    
000013a5  IntDisable                      
0000132d  IntEnable                       
00001425  IntIsEnabled                    
000011cb  IntMasterDisable                
000011bb  IntMasterEnable                 
00001519  IntPendClear                    
000014a9  IntPendSet                      
000012fd  IntPriorityGet                  
0000126b  IntPriorityGroupingGet          
00001251  IntPriorityGroupingSet          
00001573  IntPriorityMaskGet              
00001567  IntPriorityMaskSet              
000012a9  IntPrioritySet                  
000011db  IntRegister                     
0000157b  IntTrigger                      
00001231  IntUnregister                   
000031c7  ResetISR                        
000011a9  SysCtlAltClkConfig              
000008d1  SysCtlClockFreqSet              
00000d99  SysCtlClockGet                  
0000118d  SysCtlClockOutConfig            
00000bc9  SysCtlClockSet                  
000007d5  SysCtlDeepSleep                 
00000f5d  SysCtlDeepSleepClockConfigSet   
00000f3f  SysCtlDeepSleepClockSet         
000007b5  SysCtlDeepSleepPowerSet         
000031e3  SysCtlDelay                     
00000363  SysCtlFlashSectorSizeGet        
00000337  SysCtlFlashSizeGet              
00001033  SysCtlGPIOAHBDisable            
00001017  SysCtlGPIOAHBEnable             
00000749  SysCtlIntClear                  
00000731  SysCtlIntDisable                
0000071d  SysCtlIntEnable                 
000006f5  SysCtlIntRegister               
00000759  SysCtlIntStatus                 
0000070d  SysCtlIntUnregister             
0000079b  SysCtlLDODeepSleepGet           
0000078b  SysCtlLDODeepSleepSet           
00000785  SysCtlLDOSleepGet               
00000775  SysCtlLDOSleepSet               
0000080b  SysCtlMOSCConfigSet             
00001171  SysCtlNMIClear                  
0000115d  SysCtlNMIStatus                 
00000821  SysCtlPIOSCCalibrate            
00001001  SysCtlPWMClockGet               
00000fe7  SysCtlPWMClockSet               
000006a1  SysCtlPeripheralClockGating     
00000659  SysCtlPeripheralDeepSleepDisable
00000609  SysCtlPeripheralDeepSleepEnable 
00000545  SysCtlPeripheralDisable         
00000509  SysCtlPeripheralEnable          
00000445  SysCtlPeripheralPowerOff        
00000409  SysCtlPeripheralPowerOn         
00000389  SysCtlPeripheralPresent         
000003c9  SysCtlPeripheralReady           
00000481  SysCtlPeripheralReset           
000005cd  SysCtlPeripheralSleepDisable    
00000589  SysCtlPeripheralSleepEnable     
000007c5  SysCtlReset                     
00000881  SysCtlResetBehaviorGet          
00000871  SysCtlResetBehaviorSet          
000007f7  SysCtlResetCauseClear           
000007f1  SysCtlResetCauseGet             
0000032d  SysCtlSRAMSizeGet               
000007cd  SysCtlSleep                     
000007a1  SysCtlSleepPowerSet             
0000105b  SysCtlUSBPLLDisable             
0000104f  SysCtlUSBPLLEnable              
000010a1  SysCtlVCOGet                    
00001089  SysCtlVoltageEventClear         
0000106d  SysCtlVoltageEventConfig        
0000107d  SysCtlVoltageEventStatus        
00002ed1  Timer0IntHandler                
00002d31  TimerADCEventGet                
00002d1f  TimerADCEventSet                
00002a55  TimerClockSourceGet             
00002a31  TimerClockSourceSet             
0000281f  TimerConfigure                  
0000293f  TimerControlEvent               
0000289b  TimerControlLevel               
00002969  TimerControlStall               
000028d1  TimerControlTrigger             
0000299f  TimerControlWaitOnTrigger       
00002d51  TimerDMAEventGet                
00002d3f  TimerDMAEventSet                
00002801  TimerDisable                    
000027e3  TimerEnable                     
00002cfb  TimerIntClear                   
00002cc5  TimerIntDisable                 
00002cad  TimerIntEnable                  
00002c67  TimerIntRegister                
00002cdd  TimerIntStatus                  
00002c8f  TimerIntUnregister              
00002b1f  TimerLoadGet                    
00002b55  TimerLoadGet64                  
00002af5  TimerLoadSet                    
00002b3b  TimerLoadSet64                  
00002bff  TimerMatchGet                   
00002c35  TimerMatchGet64                 
00002bd5  TimerMatchSet                   
00002c1b  TimerMatchSet64                 
00002a8f  TimerPrescaleGet                
00002ad9  TimerPrescaleMatchGet           
00002aab  TimerPrescaleMatchSet           
00002a65  TimerPrescaleSet                
00002a15  TimerRTCDisable                 
000029ff  TimerRTCEnable                  
00002d0d  TimerSynchronize                
00002d5f  TimerUpdateMode                 
00002b87  TimerValueGet                   
00002ba3  TimerValueGet64                 
00002713  UART9BitAddrSend                
000026ed  UART9BitAddrSet                 
000026d7  UART9BitDisable                 
000026c1  UART9BitEnable                  
00002567  UARTBreakCtl                    
00002591  UARTBusy                        
0000250f  UARTCharGet                     
000024f3  UARTCharGetNonBlocking          
00002549  UARTCharPut                     
00002525  UARTCharPutNonBlocking          
000024b7  UARTCharsAvail                  
000026b1  UARTClockSourceGet              
0000269d  UARTClockSourceSet              
0000227d  UARTConfigGetExpClk             
00002207  UARTConfigSetExpClk             
00002663  UARTDMADisable                  
0000264b  UARTDMAEnable                   
000022ed  UARTDisable                     
0000237b  UARTDisableSIR                  
000022c9  UARTEnable                      
0000234d  UARTEnableSIR                   
0000232d  UARTFIFODisable                 
00002317  UARTFIFOEnable                  
000021df  UARTFIFOLevelGet                
000021c7  UARTFIFOLevelSet                
00002477  UARTFlowControlGet              
0000245b  UARTFlowControlSet              
00002639  UARTIntClear                    
00002603  UARTIntDisable                  
000025eb  UARTIntEnable                   
00002f5f  UARTIntHandler                  
000025af  UARTIntRegister                 
0000261b  UARTIntStatus                   
000025d1  UARTIntUnregister               
0000275b  UARTLoopbackEnable              
00002411  UARTModemControlClear           
00002435  UARTModemControlGet             
000023d9  UARTModemControlSet             
00002447  UARTModemStatusGet              
000021b5  UARTParityModeGet               
00002199  UARTParityModeSet               
0000268d  UARTRxErrorClear                
0000267b  UARTRxErrorGet                  
00002fa7  UARTSend                        
000023c3  UARTSmartCardDisable            
00002391  UARTSmartCardEnable             
000024d5  UARTSpaceAvail                  
000024a5  UARTTxIntModeGet                
00002489  UARTTxIntModeSet                
20000470  __STACK_END                     
00000200  __STACK_SIZE                    
20000470  __STACK_TOP                     
000038c0  __TI_CINIT_Base                 
000038d0  __TI_CINIT_Limit                
000038a0  __TI_Handler_Table_Base         
000038ac  __TI_Handler_Table_Limit        
0000310d  __TI_auto_init_nobinit_nopinit  
000030a5  __TI_decompress_lzss            
000031a1  __TI_decompress_none            
ffffffff  __TI_pprof_out_hndl             
ffffffff  __TI_prof_data_size             
ffffffff  __TI_prof_data_start            
00000000  __TI_static_base__              
00003185  __TI_zero_init_nomemset         
00003009  __aeabi_memcpy                  
00003009  __aeabi_memcpy4                 
00003009  __aeabi_memcpy8                 
ffffffff  __binit__                       
ffffffff  __c_args__                      
UNDEFED   __mpu_init                      
20000270  __stack                         
20000000  __start___llvm_prf_cnts         
20000000  __stop___llvm_prf_cnts          
00003151  _c_int00_noargs                 
UNDEFED   _system_post_cinit              
000031ed  _system_pre_init                
000031f1  abort                           
ffffffff  binit                           
20000474  ch                              
20000000  g_pfnRAMVectors                 
00000000  g_pfnVectors                    
00002db3  main                            
00003009  memcpy                          


GLOBAL SYMBOLS: SORTED BY Symbol Address 

address   name                            
-------   ----                            
00000000  __TI_static_base__              
00000000  g_pfnVectors                    
00000200  __STACK_SIZE                    
0000032d  SysCtlSRAMSizeGet               
00000337  SysCtlFlashSizeGet              
00000363  SysCtlFlashSectorSizeGet        
00000389  SysCtlPeripheralPresent         
000003c9  SysCtlPeripheralReady           
00000409  SysCtlPeripheralPowerOn         
00000445  SysCtlPeripheralPowerOff        
00000481  SysCtlPeripheralReset           
00000509  SysCtlPeripheralEnable          
00000545  SysCtlPeripheralDisable         
00000589  SysCtlPeripheralSleepEnable     
000005cd  SysCtlPeripheralSleepDisable    
00000609  SysCtlPeripheralDeepSleepEnable 
00000659  SysCtlPeripheralDeepSleepDisable
000006a1  SysCtlPeripheralClockGating     
000006f5  SysCtlIntRegister               
0000070d  SysCtlIntUnregister             
0000071d  SysCtlIntEnable                 
00000731  SysCtlIntDisable                
00000749  SysCtlIntClear                  
00000759  SysCtlIntStatus                 
00000775  SysCtlLDOSleepSet               
00000785  SysCtlLDOSleepGet               
0000078b  SysCtlLDODeepSleepSet           
0000079b  SysCtlLDODeepSleepGet           
000007a1  SysCtlSleepPowerSet             
000007b5  SysCtlDeepSleepPowerSet         
000007c5  SysCtlReset                     
000007cd  SysCtlSleep                     
000007d5  SysCtlDeepSleep                 
000007f1  SysCtlResetCauseGet             
000007f7  SysCtlResetCauseClear           
0000080b  SysCtlMOSCConfigSet             
00000821  SysCtlPIOSCCalibrate            
00000871  SysCtlResetBehaviorSet          
00000881  SysCtlResetBehaviorGet          
000008d1  SysCtlClockFreqSet              
00000bc9  SysCtlClockSet                  
00000d99  SysCtlClockGet                  
00000f3f  SysCtlDeepSleepClockSet         
00000f5d  SysCtlDeepSleepClockConfigSet   
00000fe7  SysCtlPWMClockSet               
00001001  SysCtlPWMClockGet               
00001017  SysCtlGPIOAHBEnable             
00001033  SysCtlGPIOAHBDisable            
0000104f  SysCtlUSBPLLEnable              
0000105b  SysCtlUSBPLLDisable             
0000106d  SysCtlVoltageEventConfig        
0000107d  SysCtlVoltageEventStatus        
00001089  SysCtlVoltageEventClear         
000010a1  SysCtlVCOGet                    
0000115d  SysCtlNMIStatus                 
00001171  SysCtlNMIClear                  
0000118d  SysCtlClockOutConfig            
000011a9  SysCtlAltClkConfig              
000011bb  IntMasterEnable                 
000011cb  IntMasterDisable                
000011db  IntRegister                     
00001231  IntUnregister                   
00001251  IntPriorityGroupingSet          
0000126b  IntPriorityGroupingGet          
000012a9  IntPrioritySet                  
000012fd  IntPriorityGet                  
0000132d  IntEnable                       
000013a5  IntDisable                      
00001425  IntIsEnabled                    
000014a9  IntPendSet                      
00001519  IntPendClear                    
00001567  IntPriorityMaskSet              
00001573  IntPriorityMaskGet              
0000157b  IntTrigger                      
000015f9  GPIODirModeSet                  
00001659  GPIODirModeGet                  
000016a9  GPIOIntTypeSet                  
00001751  GPIOIntTypeGet                  
000017f1  GPIOPadConfigSet                
00001a2b  GPIOPadConfigGet                
00001b7d  GPIOIntEnable                   
00001b97  GPIOIntDisable                  
00001bb1  GPIOIntStatus                   
00001bd3  GPIOIntClear                    
00001be7  GPIOIntRegister                 
00001c05  GPIOIntUnregister               
00001c1f  GPIOIntRegisterPin              
00001c4d  GPIOIntUnregisterPin            
00001c71  GPIOPinRead                     
00001c89  GPIOPinWrite                    
00001ca9  GPIOPinTypeADC                  
00001ccd  GPIOPinTypeCAN                  
00001cf1  GPIOPinTypeComparator           
00001d15  GPIOPinTypeComparatorOutput     
00001d39  GPIOPinTypeDIVSCLK              
00001d5d  GPIOPinTypeEPI                  
00001d81  GPIOPinTypeEthernetLED          
00001da5  GPIOPinTypeEthernetMII          
00001dc9  GPIOPinTypeGPIOInput            
00001ded  GPIOPinTypeGPIOOutput           
00001e11  GPIOPinTypeGPIOOutputOD         
00001e35  GPIOPinTypeHibernateRTCCLK      
00001e59  GPIOPinTypeI2C                  
00001e7d  GPIOPinTypeI2CSCL               
00001ea1  GPIOPinTypeLCD                  
00001ec5  GPIOPinTypeOneWire              
00001ee9  GPIOPinTypePWM                  
00001f0d  GPIOPinTypeQEI                  
00001f31  GPIOPinTypeSSI                  
00001f55  GPIOPinTypeTimer                
00001f79  GPIOPinTypeTrace                
00001f9d  GPIOPinTypeUART                 
00001fc1  GPIOPinTypeUSBAnalog            
00001fe5  GPIOPinTypeUSBDigital           
00002009  GPIOPinTypeWakeHigh             
0000202f  GPIOPinTypeWakeLow              
00002055  GPIOPinWakeStatus               
00002065  GPIOPinConfigure                
000020c3  GPIODMATriggerEnable            
000020e1  GPIODMATriggerDisable           
000020ff  GPIOADCTriggerEnable            
0000211d  GPIOADCTriggerDisable           
00002199  UARTParityModeSet               
000021b5  UARTParityModeGet               
000021c7  UARTFIFOLevelSet                
000021df  UARTFIFOLevelGet                
00002207  UARTConfigSetExpClk             
0000227d  UARTConfigGetExpClk             
000022c9  UARTEnable                      
000022ed  UARTDisable                     
00002317  UARTFIFOEnable                  
0000232d  UARTFIFODisable                 
0000234d  UARTEnableSIR                   
0000237b  UARTDisableSIR                  
00002391  UARTSmartCardEnable             
000023c3  UARTSmartCardDisable            
000023d9  UARTModemControlSet             
00002411  UARTModemControlClear           
00002435  UARTModemControlGet             
00002447  UARTModemStatusGet              
0000245b  UARTFlowControlSet              
00002477  UARTFlowControlGet              
00002489  UARTTxIntModeSet                
000024a5  UARTTxIntModeGet                
000024b7  UARTCharsAvail                  
000024d5  UARTSpaceAvail                  
000024f3  UARTCharGetNonBlocking          
0000250f  UARTCharGet                     
00002525  UARTCharPutNonBlocking          
00002549  UARTCharPut                     
00002567  UARTBreakCtl                    
00002591  UARTBusy                        
000025af  UARTIntRegister                 
000025d1  UARTIntUnregister               
000025eb  UARTIntEnable                   
00002603  UARTIntDisable                  
0000261b  UARTIntStatus                   
00002639  UARTIntClear                    
0000264b  UARTDMAEnable                   
00002663  UARTDMADisable                  
0000267b  UARTRxErrorGet                  
0000268d  UARTRxErrorClear                
0000269d  UARTClockSourceSet              
000026b1  UARTClockSourceGet              
000026c1  UART9BitEnable                  
000026d7  UART9BitDisable                 
000026ed  UART9BitAddrSet                 
00002713  UART9BitAddrSend                
0000275b  UARTLoopbackEnable              
000027e3  TimerEnable                     
00002801  TimerDisable                    
0000281f  TimerConfigure                  
0000289b  TimerControlLevel               
000028d1  TimerControlTrigger             
0000293f  TimerControlEvent               
00002969  TimerControlStall               
0000299f  TimerControlWaitOnTrigger       
000029ff  TimerRTCEnable                  
00002a15  TimerRTCDisable                 
00002a31  TimerClockSourceSet             
00002a55  TimerClockSourceGet             
00002a65  TimerPrescaleSet                
00002a8f  TimerPrescaleGet                
00002aab  TimerPrescaleMatchSet           
00002ad9  TimerPrescaleMatchGet           
00002af5  TimerLoadSet                    
00002b1f  TimerLoadGet                    
00002b3b  TimerLoadSet64                  
00002b55  TimerLoadGet64                  
00002b87  TimerValueGet                   
00002ba3  TimerValueGet64                 
00002bd5  TimerMatchSet                   
00002bff  TimerMatchGet                   
00002c1b  TimerMatchSet64                 
00002c35  TimerMatchGet64                 
00002c67  TimerIntRegister                
00002c8f  TimerIntUnregister              
00002cad  TimerIntEnable                  
00002cc5  TimerIntDisable                 
00002cdd  TimerIntStatus                  
00002cfb  TimerIntClear                   
00002d0d  TimerSynchronize                
00002d1f  TimerADCEventSet                
00002d31  TimerADCEventGet                
00002d3f  TimerDMAEventSet                
00002d51  TimerDMAEventGet                
00002d5f  TimerUpdateMode                 
00002db3  main                            
00002ed1  Timer0IntHandler                
00002f5f  UARTIntHandler                  
00002fa7  UARTSend                        
00003009  __aeabi_memcpy                  
00003009  __aeabi_memcpy4                 
00003009  __aeabi_memcpy8                 
00003009  memcpy                          
000030a5  __TI_decompress_lzss            
0000310d  __TI_auto_init_nobinit_nopinit  
00003151  _c_int00_noargs                 
00003185  __TI_zero_init_nomemset         
000031a1  __TI_decompress_none            
000031af  CPUcpsid                        
000031bb  CPUcpsie                        
000031c7  ResetISR                        
000031d3  CPUbasepriGet                   
000031dd  CPUbasepriSet                   
000031e3  SysCtlDelay                     
000031e9  CPUwfi                          
000031ed  _system_pre_init                
000031f1  C$$EXIT                         
000031f1  abort                           
000038a0  __TI_Handler_Table_Base         
000038ac  __TI_Handler_Table_Limit        
000038c0  __TI_CINIT_Base                 
000038d0  __TI_CINIT_Limit                
20000000  __start___llvm_prf_cnts         
20000000  __stop___llvm_prf_cnts          
20000000  g_pfnRAMVectors                 
20000270  __stack                         
20000470  C1                              
20000470  __STACK_END                     
20000470  __STACK_TOP                     
20000471  C2                              
20000474  ch                              
20000478  Flg                             
ffffffff  __TI_pprof_out_hndl             
ffffffff  __TI_prof_data_size             
ffffffff  __TI_prof_data_start            
ffffffff  __binit__                       
ffffffff  __c_args__                      
ffffffff  binit                           
UNDEFED   __mpu_init                      
UNDEFED   _system_post_cinit              

[252 symbols]
